// Jest Snapshot v1, https://goo.gl/fbAQLP

exports[`useEntity should retrieve the entity object 1`] = `
{
  "attributes": {
    "brightness": 255,
    "color_mode": "hs",
    "effect_list": [
      "Night",
      "Read",
      "Meeting",
      "Leasure",
      "Soft",
      "Rainbow",
      "Shine",
      "Beautiful",
      "Music",
    ],
    "friendly_name": "Dining room light",
    "hs_color": [
      9,
      67.1,
    ],
    "icon": "mdi:light-recessed",
    "max_color_temp_kelvin": 6535,
    "max_mireds": 370,
    "min_color_temp_kelvin": 2702,
    "min_mireds": 153,
    "raw_state": true,
    "rgb_color": [
      255,
      109,
      83,
    ],
    "supported_color_modes": [
      "color_temp",
      "hs",
    ],
    "supported_features": 23,
    "xy_color": [
      0.591,
      0.328,
    ],
  },
  "context": {
    "id": "",
    "parent_id": null,
    "user_id": null,
  },
  "custom": {
    "active": false,
    "brightness": "brightness(100%)",
    "hexColor": "#ff6e54",
    "relativeTime": "1 year ago",
    "rgbColor": "rgba(255, 109.56074999999998, 83.89500000000001)",
    "rgbaColor": "rgba(255, 109.56074999999998, 83.89500000000001, 0.35)",
  },
  "entity_id": "light.fake_light",
  "state": "on",
}
`;
